// Jest Snapshot v1, https://goo.gl/fbAQLP

exports[`Snapshot Button should render Snapshot Button is rendered 1`] = `
<DocumentFragment>
  <button
    class=" [object Object]"
    type="button"
  />
</DocumentFragment>
`;
