// Jest Snapshot v1, https://goo.gl/fbAQLP

exports[`Snapshot FilterCreatorBrand should render Snapshot FilterCreatorBrand is rendered 1`] = `Object {}`;
