// Jest Snapshot v1, https://goo.gl/fbAQLP

exports[`Snapshot FilterCreatorColor should render Snapshot FilterCreatorColor is rendered 1`] = `
<DocumentFragment>
  <button
    class="colorsItems [object Object]"
    type="button"
  />
</DocumentFragment>
`;
