// Jest Snapshot v1, https://goo.gl/fbAQLP

exports[`Snapshot CartPage should render Snapshot CartPage is rendered 1`] = `
<DocumentFragment>
  <section>
    <div
      class="cartWrapper"
    >
      <h1
        class="cartPageTitle"
      >
        Shopping Cart
      </h1>
      <div
        class="cartPageColumn"
      >
        <div
          class="cartPageGridWrapper"
        >
          <div
            class="cartItemHeaders"
          >
            <div
              class="Item"
            >
              <p>
                Item
              </p>
            </div>
            <div
              class="Price"
            >
              <p>
                Price
              </p>
            </div>
            <div
              class="Qty"
            >
              <p>
                Qty
              </p>
            </div>
            <div
              class="Subtotal"
            >
              <p>
                Subtotal
              </p>
            </div>
          </div>
          <div>
            <div
              class="cartItemContainer"
            >
              <ul />
            </div>
          </div>
          <div
            class="CartButtonWrapper"
          >
            <button
              class="CartButtonShopping"
              type="button"
            >
              Continue Shopping
            </button>
            <button
              class="CartButtonClearCart"
              type="button"
            >
              Clear Shopping Cart
            </button>
          </div>
        </div>
        <div
          class="summaryContainer"
        >
          <div
            class="summaryWrapper"
          >
            <h2
              class="titleSummary"
            >
              Summary
            </h2>
            <div
              class="summaryContent"
            >
              <div>
                <p
                  class="summarytext"
                >
                  Subtotal
                </p>
              </div>
              <div>
                <p
                  class="summarytext"
                >
                  $0.00
                </p>
              </div>
            </div>
            <div
              class="summaryContent"
            >
              <div>
                <p
                  class="summarytext"
                >
                  Shipping
                </p>
              </div>
              <div>
                <p
                  class="summarytext"
                >
                  $21
                </p>
              </div>
            </div>
            <div
              class="summaryContent"
            >
              <div>
                <p
                  class="summarytext"
                >
                  Tax
                </p>
              </div>
              <div>
                <p
                  class="summarytext"
                >
                  10%
                </p>
              </div>
            </div>
            <div
              class="summaryContent"
            >
              <div>
                <p
                  class="summarytext"
                >
                  Order Total
                </p>
              </div>
              <div>
                <p
                  class="summarytext"
                >
                  $21.00
                </p>
              </div>
            </div>
            <div
              class="summaryButtonWrapper"
            >
              <button
                class="buttonProceed"
                type="button"
              >
                Proceed to Checkout
              </button>
              <button
                class="buttonCheck"
                type="button"
              >
                Check out with
                <svg>
                  paypall.svg
                </svg>
              </button>
            </div>
          </div>
        </div>
      </div>
    </div>
    <div
      class="advantagesBackGround"
    >
      <div
        class="advantagesWrapper"
      >
        <div
          class="advantagesCard"
        >
          <img
            alt="advantages-icon"
            class="advantagesIcon"
            src="account-icon.png"
          />
          <h3
            class="advantagesTitle"
          >
            Product Support
          </h3>
          <p
            class="advantagesText"
          >
            Up to 3 years on-site warranty available for your peace of mind.
          </p>
        </div>
        <div
          class="advantagesCard"
        >
          <img
            alt="advantages-icon"
            class="advantagesIcon"
            src="support-icon.png"
          />
          <h3
            class="advantagesTitle"
          >
            Personal Account
          </h3>
          <p
            class="advantagesText"
          >
            With big discounts, free delivery and a dedicated support specialist.
          </p>
        </div>
        <div
          class="advantagesCard"
        >
          <img
            alt="advantages-icon"
            class="advantagesIcon"
            src="saving-icon.png"
          />
          <h3
            class="advantagesTitle"
          >
            Amazing Savings
          </h3>
          <p
            class="advantagesText"
          >
            Up to 70% off new Products, you can be sure of the best price.
          </p>
        </div>
      </div>
    </div>
  </section>
</DocumentFragment>
`;
