// Jest Snapshot v1, https://goo.gl/fbAQLP

exports[`Snapshot MiniCart should render Snapshot MiniCart is rendered 1`] = `<DocumentFragment />`;
