// Jest Snapshot v1, https://goo.gl/fbAQLP

exports[`Snapshot ErrorBoundary should render Snapshot ErrorBoundary is rendered 1`] = `
<DocumentFragment>
  <div />
</DocumentFragment>
`;
